INFO:evolve:Loading panel 2006-01-01 -> 2019-12-31
INFO:evolve:Panel: 5,185,067 rows, 1.31 GB
INFO:evolve:Null surface for this window (11 price bands x 10 holding periods):
INFO:evolve:  $     5-$     6  +0.295% at 5d, +3.848% at 45d
INFO:evolve:  $     6-$     7  +0.119% at 5d, +3.381% at 45d
INFO:evolve:  $     7-$     8  +0.079% at 5d, +2.912% at 45d
INFO:evolve:  $     8-$    10  +0.029% at 5d, +2.494% at 45d
INFO:evolve:  $    10-$    12  -0.012% at 5d, +2.156% at 45d
INFO:evolve:  $    12-$    15  -0.017% at 5d, +1.972% at 45d
INFO:evolve:  $    15-$    20  -0.081% at 5d, +1.663% at 45d
INFO:evolve:  $    20-$    30  -0.099% at 5d, +1.312% at 45d
INFO:evolve:  $    30-$    50  -0.055% at 5d, +1.142% at 45d
INFO:evolve:  $    50-$   100  -0.054% at 5d, +1.111% at 45d
INFO:evolve:  $   100-$99,999  -0.231% at 5d, -0.446% at 45d
INFO:evolve:  each strategy is charged the null of the stocks it actually bought, at its own holding period
INFO:evolve:Run 5ba61f2eed5b: 50 generations x 300 candidates
INFO:evolve:Evaluating across 3 workers
INFO:evolve:Seeded generation 0 with 20 published strategies; 280 random
INFO:evolve:gen 1/50  best fitness 0.160  best excess $+1,792  beating the null 69/300  300 distinct ideas  2.0 evals/s
INFO:evolve:gen 2/50  best fitness 0.160  best excess $+1,792  beating the null 142/300  253 distinct ideas  2.1 evals/s
INFO:evolve:gen 3/50  best fitness 0.210  best excess $+1,890  beating the null 217/300  239 distinct ideas  2.3 evals/s
INFO:evolve:gen 4/50  best fitness 0.239  best excess $+2,349  beating the null 277/300  213 distinct ideas  2.4 evals/s
INFO:evolve:gen 5/50  best fitness 0.258  best excess $+2,346  beating the null 286/300  220 distinct ideas  2.4 evals/s
INFO:evolve:gen 6/50  best fitness 0.263  best excess $+2,749  beating the null 291/300  211 distinct ideas  2.4 evals/s
INFO:evolve:gen 7/50  best fitness 0.266  best excess $+3,201  beating the null 291/300  213 distinct ideas  2.4 evals/s
INFO:evolve:gen 8/50  best fitness 0.380  best excess $+2,749  beating the null 294/300  206 distinct ideas  2.4 evals/s
INFO:evolve:gen 9/50  best fitness 0.655  best excess $+3,037  beating the null 293/300  215 distinct ideas  2.3 evals/s
INFO:evolve:gen 10/50  best fitness 0.669  best excess $+3,057  beating the null 288/300  220 distinct ideas  2.3 evals/s
INFO:evolve:gen 11/50  best fitness 0.828  best excess $+3,379  beating the null 289/300  218 distinct ideas  2.3 evals/s
INFO:evolve:gen 12/50  best fitness 0.828  best excess $+3,379  beating the null 293/300  226 distinct ideas  2.2 evals/s
INFO:evolve:gen 13/50  best fitness 1.049  best excess $+3,379  beating the null 291/300  221 distinct ideas  2.2 evals/s
INFO:evolve:gen 14/50  best fitness 1.049  best excess $+3,457  beating the null 296/300  211 distinct ideas  2.1 evals/s
INFO:evolve:gen 15/50  best fitness 1.049  best excess $+3,779  beating the null 293/300  215 distinct ideas  2.0 evals/s
INFO:evolve:gen 16/50  best fitness 1.049  best excess $+4,016  beating the null 299/300  199 distinct ideas  2.0 evals/s
INFO:evolve:gen 17/50  best fitness 1.151  best excess $+4,091  beating the null 293/300  213 distinct ideas  1.9 evals/s
INFO:evolve:gen 18/50  best fitness 1.203  best excess $+4,091  beating the null 298/300  221 distinct ideas  1.9 evals/s
INFO:evolve:gen 19/50  best fitness 1.354  best excess $+3,803  beating the null 292/300  222 distinct ideas  1.9 evals/s
INFO:evolve:gen 20/50  best fitness 1.657  best excess $+4,188  beating the null 295/300  222 distinct ideas  1.8 evals/s
INFO:evolve:gen 21/50  best fitness 1.657  best excess $+3,730  beating the null 298/300  220 distinct ideas  1.8 evals/s
INFO:evolve:gen 22/50  best fitness 1.657  best excess $+3,729  beating the null 296/300  210 distinct ideas  1.8 evals/s
INFO:evolve:gen 23/50  best fitness 2.037  best excess $+3,749  beating the null 298/300  205 distinct ideas  1.8 evals/s
INFO:evolve:gen 24/50  best fitness 2.037  best excess $+4,996  beating the null 293/300  215 distinct ideas  1.7 evals/s
INFO:evolve:gen 25/50  best fitness 2.037  best excess $+3,554  beating the null 296/300  206 distinct ideas  1.7 evals/s
INFO:evolve:gen 26/50  best fitness 2.037  best excess $+4,452  beating the null 296/300  207 distinct ideas  1.7 evals/s
INFO:evolve:gen 27/50  best fitness 2.264  best excess $+4,270  beating the null 297/300  204 distinct ideas  1.7 evals/s
INFO:evolve:gen 28/50  best fitness 2.264  best excess $+4,521  beating the null 295/300  197 distinct ideas  1.7 evals/s
INFO:evolve:gen 29/50  best fitness 2.264  best excess $+3,463  beating the null 291/300  202 distinct ideas  1.6 evals/s
INFO:evolve:gen 30/50  best fitness 2.264  best excess $+4,632  beating the null 295/300  208 distinct ideas  1.6 evals/s
INFO:evolve:gen 31/50  best fitness 2.295  best excess $+3,490  beating the null 293/300  210 distinct ideas  1.6 evals/s
INFO:evolve:gen 32/50  best fitness 2.295  best excess $+4,316  beating the null 295/300  226 distinct ideas  1.6 evals/s
INFO:evolve:gen 33/50  best fitness 2.540  best excess $+5,117  beating the null 292/300  221 distinct ideas  1.6 evals/s
INFO:evolve:gen 34/50  best fitness 2.540  best excess $+4,264  beating the null 290/300  216 distinct ideas  1.6 evals/s
INFO:evolve:gen 35/50  best fitness 2.582  best excess $+4,281  beating the null 295/300  211 distinct ideas  1.6 evals/s
INFO:evolve:gen 36/50  best fitness 2.582  best excess $+3,719  beating the null 290/300  217 distinct ideas  1.6 evals/s
INFO:evolve:gen 37/50  best fitness 2.582  best excess $+3,086  beating the null 290/300  203 distinct ideas  1.6 evals/s
INFO:evolve:gen 38/50  best fitness 2.605  best excess $+3,677  beating the null 293/300  209 distinct ideas  1.6 evals/s
INFO:evolve:gen 39/50  best fitness 2.605  best excess $+3,729  beating the null 296/300  209 distinct ideas  1.5 evals/s
INFO:evolve:gen 40/50  best fitness 2.924  best excess $+3,729  beating the null 297/300  200 distinct ideas  1.5 evals/s
INFO:evolve:gen 41/50  best fitness 2.924  best excess $+3,283  beating the null 294/300  202 distinct ideas  1.5 evals/s
INFO:evolve:gen 42/50  best fitness 2.924  best excess $+2,319  beating the null 293/300  200 distinct ideas  1.5 evals/s
INFO:evolve:gen 43/50  best fitness 2.944  best excess $+2,327  beating the null 297/300  203 distinct ideas  1.5 evals/s
INFO:evolve:gen 44/50  best fitness 2.944  best excess $+3,232  beating the null 295/300  197 distinct ideas  1.5 evals/s
INFO:evolve:gen 45/50  best fitness 3.189  best excess $+2,707  beating the null 293/300  208 distinct ideas  1.5 evals/s
INFO:evolve:gen 46/50  best fitness 3.189  best excess $+3,146  beating the null 293/300  196 distinct ideas  1.5 evals/s
INFO:evolve:gen 47/50  best fitness 3.189  best excess $+3,220  beating the null 292/300  207 distinct ideas  1.5 evals/s
INFO:evolve:gen 48/50  best fitness 3.417  best excess $+3,220  beating the null 293/300  210 distinct ideas  1.5 evals/s
INFO:evolve:gen 49/50  best fitness 3.417  best excess $+3,375  beating the null 293/300  204 distinct ideas  1.5 evals/s
INFO:evolve:gen 50/50  best fitness 3.417  best excess $+3,546  beating the null 288/300  207 distinct ideas  1.5 evals/s
INFO:evolve:------------------------------------------------------------
INFO:evolve:Run 5ba61f2eed5b: 15,000 evaluated, 14,150 profitable, best net P&L $+5,706.21
