INFO:evolve:Loading panel 2006-01-01 -> 2019-12-31
INFO:evolve:Panel: 5,185,065 rows, 1.31 GB
INFO:evolve:Null surface for this window (11 price bands x 10 holding periods):
INFO:evolve:  $     5-$     6  +1.889% at 5d, +12.712% at 45d
INFO:evolve:  $     6-$     7  +0.442% at 5d, +6.969% at 45d
INFO:evolve:  $     7-$     8  +0.283% at 5d, +4.905% at 45d
INFO:evolve:  $     8-$    10  +0.146% at 5d, +3.812% at 45d
INFO:evolve:  $    10-$    12  +0.073% at 5d, +2.988% at 45d
INFO:evolve:  $    12-$    15  +0.045% at 5d, +2.472% at 45d
INFO:evolve:  $    15-$    20  -0.047% at 5d, +1.963% at 45d
INFO:evolve:  $    20-$    30  -0.081% at 5d, +1.471% at 45d
INFO:evolve:  $    30-$    50  -0.043% at 5d, +1.230% at 45d
INFO:evolve:  $    50-$   100  -0.043% at 5d, +1.208% at 45d
INFO:evolve:  $   100-$99,999  -0.213% at 5d, -0.402% at 45d
INFO:evolve:  each strategy is charged the null of the stocks it actually bought, at its own holding period
INFO:evolve:Run 5a5d4aaa1553: 50 generations x 300 candidates
INFO:evolve:Evaluating across 3 workers
INFO:evolve:Seeded generation 0 with 20 published strategies; 280 random
INFO:evolve:gen 1/50  best fitness 0.603  best excess $+2,835  beating the null 64/300  2.5 evals/s
INFO:evolve:gen 2/50  best fitness 0.603  best excess $+2,835  beating the null 150/300  2.7 evals/s
INFO:evolve:gen 3/50  best fitness 0.610  best excess $+4,662  beating the null 231/300  2.8 evals/s
INFO:evolve:gen 4/50  best fitness 0.610  best excess $+5,232  beating the null 266/300  2.9 evals/s
INFO:evolve:gen 5/50  best fitness 0.641  best excess $+5,232  beating the null 288/300  3.1 evals/s
INFO:evolve:gen 6/50  best fitness 0.655  best excess $+4,978  beating the null 281/300  3.2 evals/s
INFO:evolve:gen 7/50  best fitness 0.655  best excess $+4,978  beating the null 286/300  3.4 evals/s
INFO:evolve:gen 8/50  best fitness 0.682  best excess $+5,208  beating the null 291/300  3.6 evals/s
INFO:evolve:gen 9/50  best fitness 0.687  best excess $+5,575  beating the null 291/300  3.7 evals/s
INFO:evolve:gen 10/50  best fitness 0.707  best excess $+5,865  beating the null 292/300  3.9 evals/s
INFO:evolve:gen 11/50  best fitness 0.755  best excess $+5,845  beating the null 293/300  4.0 evals/s
INFO:evolve:gen 12/50  best fitness 0.767  best excess $+5,629  beating the null 289/300  4.1 evals/s
INFO:evolve:gen 13/50  best fitness 0.781  best excess $+4,860  beating the null 293/300  4.2 evals/s
INFO:evolve:gen 14/50  best fitness 0.823  best excess $+5,929  beating the null 296/300  4.2 evals/s
INFO:evolve:gen 15/50  best fitness 0.823  best excess $+5,409  beating the null 293/300  4.2 evals/s
INFO:evolve:gen 16/50  best fitness 0.844  best excess $+5,346  beating the null 296/300  4.2 evals/s
INFO:evolve:gen 17/50  best fitness 0.857  best excess $+5,313  beating the null 295/300  4.3 evals/s
INFO:evolve:gen 18/50  best fitness 0.909  best excess $+6,181  beating the null 297/300  4.3 evals/s
INFO:evolve:gen 19/50  best fitness 0.953  best excess $+5,831  beating the null 292/300  4.3 evals/s
INFO:evolve:gen 20/50  best fitness 1.074  best excess $+5,502  beating the null 294/300  4.3 evals/s
INFO:evolve:gen 21/50  best fitness 1.074  best excess $+5,502  beating the null 295/300  4.3 evals/s
INFO:evolve:gen 22/50  best fitness 1.074  best excess $+4,502  beating the null 294/300  4.4 evals/s
INFO:evolve:gen 23/50  best fitness 1.080  best excess $+5,969  beating the null 294/300  4.4 evals/s
INFO:evolve:gen 24/50  best fitness 1.080  best excess $+5,284  beating the null 294/300  4.4 evals/s
INFO:evolve:gen 25/50  best fitness 1.080  best excess $+4,903  beating the null 292/300  4.4 evals/s
INFO:evolve:gen 26/50  best fitness 1.080  best excess $+4,443  beating the null 291/300  4.5 evals/s
INFO:evolve:gen 27/50  best fitness 1.084  best excess $+4,455  beating the null 297/300  4.5 evals/s
INFO:evolve:gen 28/50  best fitness 1.084  best excess $+4,378  beating the null 293/300  4.5 evals/s
INFO:evolve:gen 29/50  best fitness 1.084  best excess $+4,057  beating the null 289/300  4.6 evals/s
INFO:evolve:gen 30/50  best fitness 1.084  best excess $+4,078  beating the null 290/300  4.6 evals/s
INFO:evolve:gen 31/50  best fitness 1.084  best excess $+4,121  beating the null 294/300  4.6 evals/s
INFO:evolve:gen 32/50  best fitness 1.085  best excess $+6,078  beating the null 296/300  4.7 evals/s
INFO:evolve:gen 33/50  best fitness 1.085  best excess $+4,030  beating the null 297/300  4.7 evals/s
INFO:evolve:gen 34/50  best fitness 1.088  best excess $+4,009  beating the null 296/300  4.7 evals/s
INFO:evolve:gen 35/50  best fitness 1.089  best excess $+4,045  beating the null 294/300  4.7 evals/s
INFO:evolve:gen 36/50  best fitness 1.089  best excess $+3,847  beating the null 294/300  4.7 evals/s
INFO:evolve:gen 37/50  best fitness 1.091  best excess $+3,947  beating the null 295/300  4.8 evals/s
INFO:evolve:gen 38/50  best fitness 1.091  best excess $+4,250  beating the null 293/300  4.8 evals/s
INFO:evolve:gen 39/50  best fitness 1.091  best excess $+3,997  beating the null 292/300  4.8 evals/s
INFO:evolve:gen 40/50  best fitness 1.091  best excess $+3,988  beating the null 296/300  4.8 evals/s
INFO:evolve:gen 41/50  best fitness 1.092  best excess $+4,051  beating the null 292/300  4.8 evals/s
INFO:evolve:gen 42/50  best fitness 1.092  best excess $+4,010  beating the null 296/300  4.9 evals/s
INFO:evolve:gen 43/50  best fitness 1.092  best excess $+3,959  beating the null 291/300  4.9 evals/s
INFO:evolve:gen 44/50  best fitness 1.092  best excess $+4,015  beating the null 289/300  4.9 evals/s
INFO:evolve:gen 45/50  best fitness 1.092  best excess $+3,981  beating the null 296/300  4.9 evals/s
INFO:evolve:gen 46/50  best fitness 1.092  best excess $+5,336  beating the null 296/300  4.9 evals/s
INFO:evolve:gen 47/50  best fitness 1.092  best excess $+4,006  beating the null 294/300  4.9 evals/s
INFO:evolve:gen 48/50  best fitness 1.092  best excess $+4,006  beating the null 290/300  4.9 evals/s
INFO:evolve:gen 49/50  best fitness 1.092  best excess $+3,998  beating the null 296/300  4.9 evals/s
INFO:evolve:gen 50/50  best fitness 1.092  best excess $+4,298  beating the null 297/300  5.0 evals/s
INFO:evolve:------------------------------------------------------------
INFO:evolve:Run 5a5d4aaa1553: 15,000 evaluated, 13,947 profitable, best net P&L $+9,370.85
