INFO:build_features:Feature types: common_stock, adr, etf, closed_end_fund
INFO:build_features:9964 tickers need features | computing 9964 this run
INFO:build_features:50/9964 tickers | 176,133 feature rows | 0 skipped | 9.3 tickers/s | ETA 17.8 min
INFO:build_features:100/9964 tickers | 363,516 feature rows | 0 skipped | 8.8 tickers/s | ETA 18.7 min
INFO:build_features:150/9964 tickers | 573,359 feature rows | 0 skipped | 8.4 tickers/s | ETA 19.5 min
INFO:build_features:200/9964 tickers | 755,689 feature rows | 0 skipped | 8.6 tickers/s | ETA 19.0 min
INFO:build_features:250/9964 tickers | 928,860 feature rows | 0 skipped | 8.7 tickers/s | ETA 18.5 min
INFO:build_features:300/9964 tickers | 1,117,044 feature rows | 0 skipped | 8.7 tickers/s | ETA 18.6 min
INFO:build_features:350/9964 tickers | 1,295,599 feature rows | 0 skipped | 8.7 tickers/s | ETA 18.3 min
INFO:build_features:400/9964 tickers | 1,461,850 feature rows | 0 skipped | 8.8 tickers/s | ETA 18.0 min
INFO:build_features:450/9964 tickers | 1,638,988 feature rows | 0 skipped | 8.8 tickers/s | ETA 18.0 min
INFO:build_features:500/9964 tickers | 1,776,663 feature rows | 0 skipped | 9.0 tickers/s | ETA 17.6 min
INFO:build_features:550/9964 tickers | 1,930,987 feature rows | 0 skipped | 9.0 tickers/s | ETA 17.4 min
INFO:build_features:600/9964 tickers | 2,123,658 feature rows | 0 skipped | 9.0 tickers/s | ETA 17.3 min
INFO:build_features:650/9964 tickers | 2,311,330 feature rows | 0 skipped | 9.0 tickers/s | ETA 17.3 min
INFO:build_features:700/9964 tickers | 2,415,445 feature rows | 0 skipped | 9.2 tickers/s | ETA 16.8 min
INFO:build_features:750/9964 tickers | 2,635,266 feature rows | 0 skipped | 9.1 tickers/s | ETA 16.9 min
INFO:build_features:800/9964 tickers | 2,789,329 feature rows | 0 skipped | 9.1 tickers/s | ETA 16.8 min
INFO:build_features:850/9964 tickers | 2,964,415 feature rows | 0 skipped | 9.1 tickers/s | ETA 16.7 min
INFO:build_features:900/9964 tickers | 3,150,317 feature rows | 0 skipped | 9.1 tickers/s | ETA 16.7 min
INFO:build_features:950/9964 tickers | 3,295,469 feature rows | 0 skipped | 9.1 tickers/s | ETA 16.5 min
INFO:build_features:1000/9964 tickers | 3,469,814 feature rows | 0 skipped | 9.1 tickers/s | ETA 16.4 min
INFO:build_features:1050/9964 tickers | 3,593,175 feature rows | 0 skipped | 9.2 tickers/s | ETA 16.2 min
INFO:build_features:1100/9964 tickers | 3,740,098 feature rows | 0 skipped | 9.2 tickers/s | ETA 16.1 min
INFO:build_features:1150/9964 tickers | 3,893,553 feature rows | 0 skipped | 9.2 tickers/s | ETA 15.9 min
INFO:build_features:1200/9964 tickers | 4,072,318 feature rows | 0 skipped | 9.2 tickers/s | ETA 15.8 min
INFO:build_features:1250/9964 tickers | 4,224,522 feature rows | 0 skipped | 9.2 tickers/s | ETA 15.7 min
INFO:build_features:1300/9964 tickers | 4,333,629 feature rows | 0 skipped | 9.4 tickers/s | ETA 15.3 min
INFO:build_features:1350/9964 tickers | 4,431,478 feature rows | 0 skipped | 9.5 tickers/s | ETA 15.1 min
INFO:build_features:1400/9964 tickers | 4,647,858 feature rows | 0 skipped | 9.4 tickers/s | ETA 15.1 min
INFO:build_features:1450/9964 tickers | 4,836,537 feature rows | 0 skipped | 9.4 tickers/s | ETA 15.1 min
INFO:build_features:1500/9964 tickers | 4,998,998 feature rows | 0 skipped | 9.4 tickers/s | ETA 15.0 min
INFO:build_features:1550/9964 tickers | 5,167,848 feature rows | 0 skipped | 9.4 tickers/s | ETA 14.9 min
INFO:build_features:1600/9964 tickers | 5,316,426 feature rows | 0 skipped | 9.4 tickers/s | ETA 14.8 min
INFO:build_features:1650/9964 tickers | 5,476,640 feature rows | 0 skipped | 9.4 tickers/s | ETA 14.7 min
INFO:build_features:1700/9964 tickers | 5,720,656 feature rows | 0 skipped | 9.3 tickers/s | ETA 14.8 min
INFO:build_features:1750/9964 tickers | 5,923,424 feature rows | 0 skipped | 9.3 tickers/s | ETA 14.8 min
INFO:build_features:1800/9964 tickers | 6,145,819 feature rows | 0 skipped | 9.2 tickers/s | ETA 14.8 min
INFO:build_features:1850/9964 tickers | 6,323,223 feature rows | 0 skipped | 9.2 tickers/s | ETA 14.7 min
INFO:build_features:1900/9964 tickers | 6,460,345 feature rows | 0 skipped | 9.2 tickers/s | ETA 14.6 min
INFO:build_features:1950/9964 tickers | 6,617,263 feature rows | 0 skipped | 9.2 tickers/s | ETA 14.5 min
INFO:build_features:2000/9964 tickers | 6,810,609 feature rows | 0 skipped | 9.2 tickers/s | ETA 14.4 min
INFO:build_features:2050/9964 tickers | 7,003,650 feature rows | 0 skipped | 9.2 tickers/s | ETA 14.3 min
INFO:build_features:2100/9964 tickers | 7,249,238 feature rows | 0 skipped | 9.1 tickers/s | ETA 14.3 min
INFO:build_features:2150/9964 tickers | 7,434,287 feature rows | 0 skipped | 9.1 tickers/s | ETA 14.3 min
INFO:build_features:2200/9964 tickers | 7,592,809 feature rows | 0 skipped | 9.1 tickers/s | ETA 14.2 min
INFO:build_features:2250/9964 tickers | 7,689,151 feature rows | 0 skipped | 9.2 tickers/s | ETA 14.0 min
INFO:build_features:2300/9964 tickers | 7,854,720 feature rows | 0 skipped | 9.1 tickers/s | ETA 14.0 min
INFO:build_features:2350/9964 tickers | 8,032,851 feature rows | 0 skipped | 9.1 tickers/s | ETA 13.9 min
INFO:build_features:2400/9964 tickers | 8,203,432 feature rows | 0 skipped | 9.1 tickers/s | ETA 13.8 min
INFO:build_features:2450/9964 tickers | 8,384,374 feature rows | 0 skipped | 9.1 tickers/s | ETA 13.7 min
INFO:build_features:2500/9964 tickers | 8,532,837 feature rows | 0 skipped | 9.1 tickers/s | ETA 13.6 min
INFO:build_features:2550/9964 tickers | 8,701,066 feature rows | 0 skipped | 9.1 tickers/s | ETA 13.5 min
INFO:build_features:2600/9964 tickers | 8,889,730 feature rows | 0 skipped | 9.1 tickers/s | ETA 13.5 min
INFO:build_features:2650/9964 tickers | 9,093,453 feature rows | 0 skipped | 9.1 tickers/s | ETA 13.4 min
INFO:build_features:2700/9964 tickers | 9,256,812 feature rows | 0 skipped | 9.1 tickers/s | ETA 13.3 min
INFO:build_features:2750/9964 tickers | 9,409,482 feature rows | 0 skipped | 9.1 tickers/s | ETA 13.2 min
INFO:build_features:2800/9964 tickers | 9,585,331 feature rows | 0 skipped | 9.1 tickers/s | ETA 13.1 min
INFO:build_features:2850/9964 tickers | 9,808,418 feature rows | 0 skipped | 9.1 tickers/s | ETA 13.1 min
INFO:build_features:2900/9964 tickers | 9,954,427 feature rows | 0 skipped | 9.1 tickers/s | ETA 13.0 min
INFO:build_features:2950/9964 tickers | 10,185,590 feature rows | 0 skipped | 9.0 tickers/s | ETA 12.9 min
INFO:build_features:3000/9964 tickers | 10,403,073 feature rows | 0 skipped | 9.0 tickers/s | ETA 12.9 min
INFO:build_features:3050/9964 tickers | 10,577,716 feature rows | 0 skipped | 9.0 tickers/s | ETA 12.8 min
INFO:build_features:3100/9964 tickers | 10,716,511 feature rows | 0 skipped | 9.0 tickers/s | ETA 12.7 min
INFO:build_features:3150/9964 tickers | 10,856,081 feature rows | 0 skipped | 9.1 tickers/s | ETA 12.5 min
INFO:build_features:3200/9964 tickers | 10,969,726 feature rows | 0 skipped | 9.1 tickers/s | ETA 12.4 min
INFO:build_features:3250/9964 tickers | 11,121,386 feature rows | 0 skipped | 9.1 tickers/s | ETA 12.3 min
INFO:build_features:3300/9964 tickers | 11,274,085 feature rows | 0 skipped | 9.1 tickers/s | ETA 12.2 min
INFO:build_features:3350/9964 tickers | 11,414,453 feature rows | 0 skipped | 9.1 tickers/s | ETA 12.1 min
INFO:build_features:3400/9964 tickers | 11,595,997 feature rows | 0 skipped | 9.1 tickers/s | ETA 12.0 min
INFO:build_features:3450/9964 tickers | 11,772,212 feature rows | 0 skipped | 9.1 tickers/s | ETA 11.9 min
INFO:build_features:3500/9964 tickers | 11,887,846 feature rows | 0 skipped | 9.2 tickers/s | ETA 11.7 min
INFO:build_features:3550/9964 tickers | 12,098,195 feature rows | 0 skipped | 9.2 tickers/s | ETA 11.7 min
INFO:build_features:3600/9964 tickers | 12,313,317 feature rows | 0 skipped | 9.1 tickers/s | ETA 11.6 min
INFO:build_features:3650/9964 tickers | 12,463,377 feature rows | 0 skipped | 9.1 tickers/s | ETA 11.5 min
INFO:build_features:3700/9964 tickers | 12,656,802 feature rows | 0 skipped | 9.1 tickers/s | ETA 11.5 min
INFO:build_features:3750/9964 tickers | 12,820,905 feature rows | 0 skipped | 9.1 tickers/s | ETA 11.4 min
INFO:build_features:3800/9964 tickers | 12,943,696 feature rows | 0 skipped | 9.1 tickers/s | ETA 11.2 min
INFO:build_features:3850/9964 tickers | 13,096,583 feature rows | 0 skipped | 9.2 tickers/s | ETA 11.1 min
INFO:build_features:3900/9964 tickers | 13,238,198 feature rows | 0 skipped | 9.2 tickers/s | ETA 11.0 min
INFO:build_features:3950/9964 tickers | 13,398,941 feature rows | 0 skipped | 9.2 tickers/s | ETA 10.9 min
INFO:build_features:4000/9964 tickers | 13,571,376 feature rows | 0 skipped | 9.2 tickers/s | ETA 10.8 min
INFO:build_features:4050/9964 tickers | 13,727,671 feature rows | 0 skipped | 9.2 tickers/s | ETA 10.7 min
INFO:build_features:4100/9964 tickers | 13,884,068 feature rows | 0 skipped | 9.2 tickers/s | ETA 10.6 min
INFO:build_features:4150/9964 tickers | 14,066,635 feature rows | 0 skipped | 9.2 tickers/s | ETA 10.5 min
INFO:build_features:4200/9964 tickers | 14,305,750 feature rows | 0 skipped | 9.2 tickers/s | ETA 10.4 min
INFO:build_features:4250/9964 tickers | 14,513,774 feature rows | 0 skipped | 9.2 tickers/s | ETA 10.3 min
INFO:build_features:4300/9964 tickers | 14,666,598 feature rows | 0 skipped | 9.2 tickers/s | ETA 10.2 min
INFO:build_features:4350/9964 tickers | 14,754,690 feature rows | 0 skipped | 9.3 tickers/s | ETA 10.1 min
INFO:build_features:4400/9964 tickers | 14,905,246 feature rows | 0 skipped | 9.3 tickers/s | ETA 10.0 min
INFO:build_features:4450/9964 tickers | 15,107,131 feature rows | 0 skipped | 9.3 tickers/s | ETA 9.9 min
INFO:build_features:4500/9964 tickers | 15,326,822 feature rows | 0 skipped | 9.3 tickers/s | ETA 9.8 min
INFO:build_features:4550/9964 tickers | 15,478,535 feature rows | 0 skipped | 9.3 tickers/s | ETA 9.7 min
INFO:build_features:4600/9964 tickers | 15,649,173 feature rows | 0 skipped | 9.3 tickers/s | ETA 9.6 min
INFO:build_features:4650/9964 tickers | 15,824,156 feature rows | 0 skipped | 9.4 tickers/s | ETA 9.5 min
INFO:build_features:4700/9964 tickers | 15,956,980 feature rows | 0 skipped | 9.4 tickers/s | ETA 9.4 min
INFO:build_features:4750/9964 tickers | 16,131,331 feature rows | 0 skipped | 9.4 tickers/s | ETA 9.3 min
INFO:build_features:4800/9964 tickers | 16,378,076 feature rows | 0 skipped | 9.4 tickers/s | ETA 9.2 min
INFO:build_features:4850/9964 tickers | 16,521,662 feature rows | 0 skipped | 9.4 tickers/s | ETA 9.1 min
INFO:build_features:4900/9964 tickers | 16,622,683 feature rows | 0 skipped | 9.4 tickers/s | ETA 9.0 min
INFO:build_features:4950/9964 tickers | 16,795,384 feature rows | 0 skipped | 9.4 tickers/s | ETA 8.8 min
INFO:build_features:5000/9964 tickers | 16,898,381 feature rows | 0 skipped | 9.5 tickers/s | ETA 8.7 min
INFO:build_features:5050/9964 tickers | 17,074,395 feature rows | 0 skipped | 9.5 tickers/s | ETA 8.6 min
INFO:build_features:5100/9964 tickers | 17,247,906 feature rows | 0 skipped | 9.5 tickers/s | ETA 8.5 min
INFO:build_features:5150/9964 tickers | 17,417,154 feature rows | 0 skipped | 9.5 tickers/s | ETA 8.4 min
INFO:build_features:5200/9964 tickers | 17,594,797 feature rows | 0 skipped | 9.6 tickers/s | ETA 8.3 min
INFO:build_features:5250/9964 tickers | 17,720,416 feature rows | 0 skipped | 9.6 tickers/s | ETA 8.2 min
INFO:build_features:5300/9964 tickers | 17,888,226 feature rows | 0 skipped | 9.6 tickers/s | ETA 8.1 min
INFO:build_features:5350/9964 tickers | 18,032,365 feature rows | 0 skipped | 9.6 tickers/s | ETA 8.0 min
INFO:build_features:5400/9964 tickers | 18,211,183 feature rows | 0 skipped | 9.7 tickers/s | ETA 7.9 min
INFO:build_features:5450/9964 tickers | 18,347,350 feature rows | 0 skipped | 9.7 tickers/s | ETA 7.8 min
INFO:build_features:5500/9964 tickers | 18,543,743 feature rows | 0 skipped | 9.7 tickers/s | ETA 7.7 min
INFO:build_features:5550/9964 tickers | 18,685,552 feature rows | 0 skipped | 9.7 tickers/s | ETA 7.6 min
INFO:build_features:5600/9964 tickers | 18,870,898 feature rows | 0 skipped | 9.7 tickers/s | ETA 7.5 min
INFO:build_features:5650/9964 tickers | 19,043,592 feature rows | 0 skipped | 9.7 tickers/s | ETA 7.4 min
INFO:build_features:5700/9964 tickers | 19,239,357 feature rows | 0 skipped | 9.7 tickers/s | ETA 7.3 min
INFO:build_features:5750/9964 tickers | 19,446,160 feature rows | 0 skipped | 9.8 tickers/s | ETA 7.2 min
INFO:build_features:5800/9964 tickers | 19,654,472 feature rows | 0 skipped | 9.8 tickers/s | ETA 7.1 min
INFO:build_features:5850/9964 tickers | 19,855,457 feature rows | 0 skipped | 9.8 tickers/s | ETA 7.0 min
INFO:build_features:5900/9964 tickers | 20,020,789 feature rows | 0 skipped | 9.8 tickers/s | ETA 6.9 min
INFO:build_features:5950/9964 tickers | 20,247,009 feature rows | 0 skipped | 9.8 tickers/s | ETA 6.8 min
INFO:build_features:6000/9964 tickers | 20,398,596 feature rows | 0 skipped | 9.8 tickers/s | ETA 6.7 min
INFO:build_features:6050/9964 tickers | 20,546,837 feature rows | 0 skipped | 9.8 tickers/s | ETA 6.6 min
INFO:build_features:6100/9964 tickers | 20,729,739 feature rows | 0 skipped | 9.8 tickers/s | ETA 6.6 min
INFO:build_features:6150/9964 tickers | 20,909,155 feature rows | 0 skipped | 9.8 tickers/s | ETA 6.5 min
INFO:build_features:6200/9964 tickers | 21,077,889 feature rows | 0 skipped | 9.8 tickers/s | ETA 6.4 min
INFO:build_features:6250/9964 tickers | 21,248,824 feature rows | 0 skipped | 9.9 tickers/s | ETA 6.3 min
INFO:build_features:6300/9964 tickers | 21,438,009 feature rows | 0 skipped | 9.9 tickers/s | ETA 6.2 min
INFO:build_features:6350/9964 tickers | 21,578,240 feature rows | 0 skipped | 9.9 tickers/s | ETA 6.1 min
INFO:build_features:6400/9964 tickers | 21,779,607 feature rows | 0 skipped | 9.9 tickers/s | ETA 6.0 min
INFO:build_features:6450/9964 tickers | 21,909,525 feature rows | 0 skipped | 9.9 tickers/s | ETA 5.9 min
INFO:build_features:6500/9964 tickers | 22,140,808 feature rows | 0 skipped | 9.9 tickers/s | ETA 5.8 min
INFO:build_features:6550/9964 tickers | 22,277,956 feature rows | 0 skipped | 9.9 tickers/s | ETA 5.7 min
INFO:build_features:6600/9964 tickers | 22,467,948 feature rows | 0 skipped | 9.9 tickers/s | ETA 5.6 min
INFO:build_features:6650/9964 tickers | 22,636,118 feature rows | 0 skipped | 9.9 tickers/s | ETA 5.6 min
INFO:build_features:6700/9964 tickers | 22,783,639 feature rows | 0 skipped | 10.0 tickers/s | ETA 5.5 min
INFO:build_features:6750/9964 tickers | 22,927,195 feature rows | 0 skipped | 10.0 tickers/s | ETA 5.4 min
INFO:build_features:6800/9964 tickers | 23,160,828 feature rows | 0 skipped | 10.0 tickers/s | ETA 5.3 min
INFO:build_features:6850/9964 tickers | 23,376,713 feature rows | 0 skipped | 10.0 tickers/s | ETA 5.2 min
INFO:build_features:6900/9964 tickers | 23,572,529 feature rows | 0 skipped | 10.0 tickers/s | ETA 5.1 min
INFO:build_features:6950/9964 tickers | 23,681,789 feature rows | 0 skipped | 10.0 tickers/s | ETA 5.0 min
INFO:build_features:7000/9964 tickers | 23,936,066 feature rows | 0 skipped | 10.0 tickers/s | ETA 4.9 min
INFO:build_features:7050/9964 tickers | 24,105,468 feature rows | 0 skipped | 10.0 tickers/s | ETA 4.9 min
INFO:build_features:7100/9964 tickers | 24,242,952 feature rows | 0 skipped | 10.0 tickers/s | ETA 4.8 min
INFO:build_features:7150/9964 tickers | 24,404,999 feature rows | 0 skipped | 10.0 tickers/s | ETA 4.7 min
INFO:build_features:7200/9964 tickers | 24,532,294 feature rows | 0 skipped | 10.0 tickers/s | ETA 4.6 min
INFO:build_features:7250/9964 tickers | 24,645,554 feature rows | 0 skipped | 10.1 tickers/s | ETA 4.5 min
INFO:build_features:7300/9964 tickers | 24,730,754 feature rows | 0 skipped | 10.1 tickers/s | ETA 4.4 min
INFO:build_features:7350/9964 tickers | 24,847,841 feature rows | 0 skipped | 10.1 tickers/s | ETA 4.3 min
INFO:build_features:7400/9964 tickers | 25,032,197 feature rows | 0 skipped | 10.1 tickers/s | ETA 4.2 min
INFO:build_features:7450/9964 tickers | 25,204,092 feature rows | 0 skipped | 10.1 tickers/s | ETA 4.1 min
INFO:build_features:7500/9964 tickers | 25,414,194 feature rows | 0 skipped | 10.1 tickers/s | ETA 4.1 min
INFO:build_features:7550/9964 tickers | 25,566,849 feature rows | 0 skipped | 10.2 tickers/s | ETA 4.0 min
INFO:build_features:7600/9964 tickers | 25,745,739 feature rows | 0 skipped | 10.2 tickers/s | ETA 3.9 min
INFO:build_features:7650/9964 tickers | 25,899,705 feature rows | 0 skipped | 10.2 tickers/s | ETA 3.8 min
INFO:build_features:7700/9964 tickers | 26,082,906 feature rows | 0 skipped | 10.2 tickers/s | ETA 3.7 min
INFO:build_features:7750/9964 tickers | 26,266,383 feature rows | 0 skipped | 10.2 tickers/s | ETA 3.6 min
INFO:build_features:7800/9964 tickers | 26,470,354 feature rows | 0 skipped | 10.2 tickers/s | ETA 3.5 min
INFO:build_features:7850/9964 tickers | 26,626,088 feature rows | 0 skipped | 10.2 tickers/s | ETA 3.4 min
INFO:build_features:7900/9964 tickers | 26,739,152 feature rows | 0 skipped | 10.3 tickers/s | ETA 3.4 min
INFO:build_features:7950/9964 tickers | 26,903,608 feature rows | 0 skipped | 10.3 tickers/s | ETA 3.3 min
INFO:build_features:8000/9964 tickers | 27,113,433 feature rows | 0 skipped | 10.3 tickers/s | ETA 3.2 min
INFO:build_features:8050/9964 tickers | 27,287,270 feature rows | 0 skipped | 10.3 tickers/s | ETA 3.1 min
INFO:build_features:8100/9964 tickers | 27,446,585 feature rows | 0 skipped | 10.3 tickers/s | ETA 3.0 min
INFO:build_features:8150/9964 tickers | 27,609,466 feature rows | 0 skipped | 10.3 tickers/s | ETA 2.9 min
INFO:build_features:8200/9964 tickers | 27,759,073 feature rows | 0 skipped | 10.3 tickers/s | ETA 2.8 min
INFO:build_features:8250/9964 tickers | 27,924,417 feature rows | 0 skipped | 10.3 tickers/s | ETA 2.8 min
INFO:build_features:8300/9964 tickers | 28,067,037 feature rows | 0 skipped | 10.3 tickers/s | ETA 2.7 min
INFO:build_features:8350/9964 tickers | 28,265,381 feature rows | 0 skipped | 10.3 tickers/s | ETA 2.6 min
INFO:build_features:8400/9964 tickers | 28,454,635 feature rows | 0 skipped | 10.3 tickers/s | ETA 2.5 min
INFO:build_features:8450/9964 tickers | 28,603,585 feature rows | 0 skipped | 10.4 tickers/s | ETA 2.4 min
INFO:build_features:8500/9964 tickers | 28,824,113 feature rows | 0 skipped | 10.4 tickers/s | ETA 2.4 min
INFO:build_features:8550/9964 tickers | 28,959,310 feature rows | 0 skipped | 10.4 tickers/s | ETA 2.3 min
INFO:build_features:8600/9964 tickers | 29,121,019 feature rows | 0 skipped | 10.4 tickers/s | ETA 2.2 min
INFO:build_features:8650/9964 tickers | 29,328,472 feature rows | 0 skipped | 10.4 tickers/s | ETA 2.1 min
INFO:build_features:8700/9964 tickers | 29,465,716 feature rows | 0 skipped | 10.4 tickers/s | ETA 2.0 min
INFO:build_features:8750/9964 tickers | 29,612,405 feature rows | 0 skipped | 10.4 tickers/s | ETA 1.9 min
INFO:build_features:8800/9964 tickers | 29,758,929 feature rows | 0 skipped | 10.4 tickers/s | ETA 1.9 min
INFO:build_features:8850/9964 tickers | 29,984,613 feature rows | 0 skipped | 10.4 tickers/s | ETA 1.8 min
INFO:build_features:8900/9964 tickers | 30,112,288 feature rows | 0 skipped | 10.4 tickers/s | ETA 1.7 min
INFO:build_features:8950/9964 tickers | 30,302,766 feature rows | 0 skipped | 10.4 tickers/s | ETA 1.6 min
INFO:build_features:9000/9964 tickers | 30,515,145 feature rows | 0 skipped | 10.4 tickers/s | ETA 1.5 min
INFO:build_features:9050/9964 tickers | 30,766,335 feature rows | 0 skipped | 10.4 tickers/s | ETA 1.5 min
INFO:build_features:9100/9964 tickers | 30,962,619 feature rows | 0 skipped | 10.4 tickers/s | ETA 1.4 min
INFO:build_features:9150/9964 tickers | 31,137,231 feature rows | 0 skipped | 10.4 tickers/s | ETA 1.3 min
INFO:build_features:9200/9964 tickers | 31,312,086 feature rows | 0 skipped | 10.4 tickers/s | ETA 1.2 min
INFO:build_features:9250/9964 tickers | 31,494,343 feature rows | 0 skipped | 10.4 tickers/s | ETA 1.1 min
INFO:build_features:9300/9964 tickers | 31,665,722 feature rows | 0 skipped | 10.4 tickers/s | ETA 1.1 min
INFO:build_features:9350/9964 tickers | 31,908,243 feature rows | 0 skipped | 10.4 tickers/s | ETA 1.0 min
INFO:build_features:9400/9964 tickers | 32,077,571 feature rows | 0 skipped | 10.4 tickers/s | ETA 0.9 min
INFO:build_features:9450/9964 tickers | 32,247,279 feature rows | 0 skipped | 10.4 tickers/s | ETA 0.8 min
INFO:build_features:9500/9964 tickers | 32,411,994 feature rows | 0 skipped | 10.4 tickers/s | ETA 0.7 min
INFO:build_features:9550/9964 tickers | 32,637,053 feature rows | 0 skipped | 10.4 tickers/s | ETA 0.7 min
INFO:build_features:9600/9964 tickers | 32,879,989 feature rows | 0 skipped | 10.4 tickers/s | ETA 0.6 min
INFO:build_features:9650/9964 tickers | 33,127,024 feature rows | 0 skipped | 10.5 tickers/s | ETA 0.5 min
INFO:build_features:9700/9964 tickers | 33,221,293 feature rows | 0 skipped | 10.5 tickers/s | ETA 0.4 min
INFO:build_features:9750/9964 tickers | 33,353,917 feature rows | 0 skipped | 10.5 tickers/s | ETA 0.3 min
INFO:build_features:9800/9964 tickers | 33,505,330 feature rows | 0 skipped | 10.5 tickers/s | ETA 0.3 min
INFO:build_features:9850/9964 tickers | 33,599,229 feature rows | 0 skipped | 10.6 tickers/s | ETA 0.2 min
INFO:build_features:9900/9964 tickers | 33,700,270 feature rows | 0 skipped | 10.6 tickers/s | ETA 0.1 min
INFO:build_features:9950/9964 tickers | 33,781,621 feature rows | 0 skipped | 10.6 tickers/s | ETA 0.0 min
INFO:build_features:------------------------------------------------------------
INFO:build_features:Computed 9964 tickers, skipped 0 (under 210 bars), 33,816,446 rows in 15.6 min
INFO:build_features:features table: {'rows': 33837110, 'tickers': 9975, 'first_date': '1962-01-02', 'last_date': '2026-09-11'}
