WARNING:build_features:--rebuild: cleared 33,837,110 existing feature rows
INFO:build_features:Feature types: common_stock, adr, etf, closed_end_fund
INFO:build_features:9975 tickers need features | computing 9975 this run
INFO:build_features:50/9975 tickers | 176,133 feature rows | 0 skipped | 16.7 tickers/s | ETA 9.9 min
INFO:build_features:100/9975 tickers | 363,516 feature rows | 0 skipped | 17.9 tickers/s | ETA 9.2 min
INFO:build_features:150/9975 tickers | 573,359 feature rows | 0 skipped | 17.7 tickers/s | ETA 9.3 min
INFO:build_features:200/9975 tickers | 755,689 feature rows | 0 skipped | 18.2 tickers/s | ETA 9.0 min
INFO:build_features:250/9975 tickers | 928,860 feature rows | 0 skipped | 18.6 tickers/s | ETA 8.7 min
INFO:build_features:300/9975 tickers | 1,117,044 feature rows | 0 skipped | 18.7 tickers/s | ETA 8.6 min
INFO:build_features:350/9975 tickers | 1,295,599 feature rows | 0 skipped | 18.8 tickers/s | ETA 8.5 min
INFO:build_features:400/9975 tickers | 1,461,850 feature rows | 0 skipped | 19.1 tickers/s | ETA 8.4 min
INFO:build_features:450/9975 tickers | 1,638,988 feature rows | 0 skipped | 19.2 tickers/s | ETA 8.3 min
INFO:build_features:500/9975 tickers | 1,776,663 feature rows | 0 skipped | 19.6 tickers/s | ETA 8.1 min
INFO:build_features:550/9975 tickers | 1,930,987 feature rows | 0 skipped | 19.8 tickers/s | ETA 7.9 min
INFO:build_features:600/9975 tickers | 2,123,658 feature rows | 0 skipped | 19.7 tickers/s | ETA 7.9 min
INFO:build_features:650/9975 tickers | 2,310,595 feature rows | 0 skipped | 19.6 tickers/s | ETA 7.9 min
INFO:build_features:700/9975 tickers | 2,414,536 feature rows | 0 skipped | 20.0 tickers/s | ETA 7.7 min
INFO:build_features:750/9975 tickers | 2,634,831 feature rows | 0 skipped | 19.8 tickers/s | ETA 7.8 min
INFO:build_features:800/9975 tickers | 2,787,834 feature rows | 0 skipped | 20.0 tickers/s | ETA 7.7 min
INFO:build_features:850/9975 tickers | 2,963,501 feature rows | 0 skipped | 20.0 tickers/s | ETA 7.6 min
INFO:build_features:900/9975 tickers | 3,150,465 feature rows | 0 skipped | 19.9 tickers/s | ETA 7.6 min
INFO:build_features:950/9975 tickers | 3,292,565 feature rows | 0 skipped | 20.1 tickers/s | ETA 7.5 min
INFO:build_features:1000/9975 tickers | 3,463,612 feature rows | 0 skipped | 20.1 tickers/s | ETA 7.4 min
INFO:build_features:1050/9975 tickers | 3,592,069 feature rows | 0 skipped | 20.3 tickers/s | ETA 7.3 min
INFO:build_features:1100/9975 tickers | 3,739,189 feature rows | 0 skipped | 20.4 tickers/s | ETA 7.3 min
INFO:build_features:1150/9975 tickers | 3,893,324 feature rows | 0 skipped | 20.5 tickers/s | ETA 7.2 min
INFO:build_features:1200/9975 tickers | 4,072,463 feature rows | 0 skipped | 20.4 tickers/s | ETA 7.2 min
INFO:build_features:1250/9975 tickers | 4,222,951 feature rows | 0 skipped | 20.5 tickers/s | ETA 7.1 min
INFO:build_features:1300/9975 tickers | 4,328,987 feature rows | 0 skipped | 20.7 tickers/s | ETA 7.0 min
INFO:build_features:1350/9975 tickers | 4,426,041 feature rows | 0 skipped | 20.9 tickers/s | ETA 6.9 min
INFO:build_features:1400/9975 tickers | 4,637,069 feature rows | 0 skipped | 20.8 tickers/s | ETA 6.9 min
INFO:build_features:1450/9975 tickers | 4,838,147 feature rows | 0 skipped | 20.7 tickers/s | ETA 6.9 min
INFO:build_features:1500/9975 tickers | 4,973,813 feature rows | 0 skipped | 20.8 tickers/s | ETA 6.8 min
INFO:build_features:1550/9975 tickers | 5,162,055 feature rows | 0 skipped | 20.7 tickers/s | ETA 6.8 min
INFO:build_features:1600/9975 tickers | 5,318,362 feature rows | 0 skipped | 20.7 tickers/s | ETA 6.7 min
INFO:build_features:1650/9975 tickers | 5,474,301 feature rows | 0 skipped | 20.7 tickers/s | ETA 6.7 min
INFO:build_features:1700/9975 tickers | 5,716,003 feature rows | 0 skipped | 20.5 tickers/s | ETA 6.7 min
INFO:build_features:1750/9975 tickers | 5,911,120 feature rows | 0 skipped | 20.4 tickers/s | ETA 6.7 min
INFO:build_features:1800/9975 tickers | 6,145,298 feature rows | 0 skipped | 20.3 tickers/s | ETA 6.7 min
INFO:build_features:1850/9975 tickers | 6,316,927 feature rows | 0 skipped | 20.2 tickers/s | ETA 6.7 min
INFO:build_features:1900/9975 tickers | 6,462,759 feature rows | 0 skipped | 20.3 tickers/s | ETA 6.6 min
INFO:build_features:1950/9975 tickers | 6,615,704 feature rows | 0 skipped | 20.3 tickers/s | ETA 6.6 min
INFO:build_features:2000/9975 tickers | 6,801,003 feature rows | 0 skipped | 20.3 tickers/s | ETA 6.6 min
INFO:build_features:2050/9975 tickers | 6,994,549 feature rows | 0 skipped | 20.2 tickers/s | ETA 6.5 min
INFO:build_features:2100/9975 tickers | 7,239,597 feature rows | 0 skipped | 20.1 tickers/s | ETA 6.5 min
INFO:build_features:2150/9975 tickers | 7,426,111 feature rows | 0 skipped | 20.1 tickers/s | ETA 6.5 min
INFO:build_features:2200/9975 tickers | 7,596,259 feature rows | 0 skipped | 20.1 tickers/s | ETA 6.5 min
INFO:build_features:2250/9975 tickers | 7,685,328 feature rows | 0 skipped | 20.2 tickers/s | ETA 6.4 min
INFO:build_features:2300/9975 tickers | 7,846,899 feature rows | 0 skipped | 20.2 tickers/s | ETA 6.3 min
INFO:build_features:2350/9975 tickers | 8,035,259 feature rows | 0 skipped | 20.2 tickers/s | ETA 6.3 min
INFO:build_features:2400/9975 tickers | 8,198,918 feature rows | 0 skipped | 20.2 tickers/s | ETA 6.2 min
INFO:build_features:2450/9975 tickers | 8,373,375 feature rows | 0 skipped | 20.2 tickers/s | ETA 6.2 min
INFO:build_features:2500/9975 tickers | 8,511,407 feature rows | 0 skipped | 20.3 tickers/s | ETA 6.1 min
INFO:build_features:2550/9975 tickers | 8,691,563 feature rows | 0 skipped | 20.2 tickers/s | ETA 6.1 min
INFO:build_features:2600/9975 tickers | 8,880,719 feature rows | 0 skipped | 20.2 tickers/s | ETA 6.1 min
INFO:build_features:2650/9975 tickers | 9,087,545 feature rows | 0 skipped | 20.2 tickers/s | ETA 6.1 min
INFO:build_features:2700/9975 tickers | 9,249,881 feature rows | 0 skipped | 20.2 tickers/s | ETA 6.0 min
INFO:build_features:2750/9975 tickers | 9,400,830 feature rows | 0 skipped | 20.2 tickers/s | ETA 6.0 min
INFO:build_features:2800/9975 tickers | 9,581,487 feature rows | 0 skipped | 20.2 tickers/s | ETA 5.9 min
INFO:build_features:2850/9975 tickers | 9,800,396 feature rows | 0 skipped | 20.1 tickers/s | ETA 5.9 min
INFO:build_features:2900/9975 tickers | 9,948,996 feature rows | 0 skipped | 20.2 tickers/s | ETA 5.9 min
INFO:build_features:2950/9975 tickers | 10,161,892 feature rows | 0 skipped | 20.1 tickers/s | ETA 5.8 min
INFO:build_features:3000/9975 tickers | 10,397,609 feature rows | 0 skipped | 20.0 tickers/s | ETA 5.8 min
INFO:build_features:3050/9975 tickers | 10,556,746 feature rows | 0 skipped | 20.0 tickers/s | ETA 5.8 min
INFO:build_features:3100/9975 tickers | 10,714,306 feature rows | 0 skipped | 20.1 tickers/s | ETA 5.7 min
INFO:build_features:3150/9975 tickers | 10,848,676 feature rows | 0 skipped | 20.1 tickers/s | ETA 5.7 min
INFO:build_features:3200/9975 tickers | 10,972,321 feature rows | 0 skipped | 20.2 tickers/s | ETA 5.6 min
INFO:build_features:3250/9975 tickers | 11,106,418 feature rows | 0 skipped | 20.2 tickers/s | ETA 5.5 min
INFO:build_features:3300/9975 tickers | 11,266,372 feature rows | 0 skipped | 20.2 tickers/s | ETA 5.5 min
INFO:build_features:3350/9975 tickers | 11,413,940 feature rows | 0 skipped | 20.3 tickers/s | ETA 5.4 min
INFO:build_features:3400/9975 tickers | 11,576,204 feature rows | 0 skipped | 20.3 tickers/s | ETA 5.4 min
INFO:build_features:3450/9975 tickers | 11,765,367 feature rows | 0 skipped | 20.3 tickers/s | ETA 5.4 min
INFO:build_features:3500/9975 tickers | 11,883,742 feature rows | 0 skipped | 20.3 tickers/s | ETA 5.3 min
INFO:build_features:3550/9975 tickers | 12,084,766 feature rows | 0 skipped | 20.3 tickers/s | ETA 5.3 min
INFO:build_features:3600/9975 tickers | 12,299,655 feature rows | 0 skipped | 20.2 tickers/s | ETA 5.3 min
INFO:build_features:3650/9975 tickers | 12,466,907 feature rows | 0 skipped | 20.2 tickers/s | ETA 5.2 min
INFO:build_features:3700/9975 tickers | 12,645,638 feature rows | 0 skipped | 20.2 tickers/s | ETA 5.2 min
INFO:build_features:3750/9975 tickers | 12,810,845 feature rows | 0 skipped | 20.2 tickers/s | ETA 5.1 min
INFO:build_features:3800/9975 tickers | 12,933,152 feature rows | 0 skipped | 20.3 tickers/s | ETA 5.1 min
INFO:build_features:3850/9975 tickers | 13,093,853 feature rows | 0 skipped | 20.3 tickers/s | ETA 5.0 min
INFO:build_features:3900/9975 tickers | 13,234,938 feature rows | 0 skipped | 20.3 tickers/s | ETA 5.0 min
INFO:build_features:3950/9975 tickers | 13,393,897 feature rows | 0 skipped | 20.3 tickers/s | ETA 4.9 min
INFO:build_features:4000/9975 tickers | 13,562,475 feature rows | 0 skipped | 20.3 tickers/s | ETA 4.9 min
INFO:build_features:4050/9975 tickers | 13,728,487 feature rows | 0 skipped | 20.3 tickers/s | ETA 4.9 min
INFO:build_features:4100/9975 tickers | 13,863,531 feature rows | 0 skipped | 20.4 tickers/s | ETA 4.8 min
INFO:build_features:4150/9975 tickers | 14,058,629 feature rows | 0 skipped | 20.3 tickers/s | ETA 4.8 min
INFO:build_features:4200/9975 tickers | 14,290,381 feature rows | 0 skipped | 20.3 tickers/s | ETA 4.7 min
INFO:build_features:4250/9975 tickers | 14,505,268 feature rows | 0 skipped | 20.2 tickers/s | ETA 4.7 min
INFO:build_features:4300/9975 tickers | 14,666,699 feature rows | 0 skipped | 20.2 tickers/s | ETA 4.7 min
INFO:build_features:4350/9975 tickers | 14,758,233 feature rows | 0 skipped | 20.3 tickers/s | ETA 4.6 min
INFO:build_features:4400/9975 tickers | 14,906,376 feature rows | 0 skipped | 20.3 tickers/s | ETA 4.6 min
INFO:build_features:4450/9975 tickers | 15,097,204 feature rows | 0 skipped | 20.3 tickers/s | ETA 4.5 min
INFO:build_features:4500/9975 tickers | 15,316,655 feature rows | 0 skipped | 20.2 tickers/s | ETA 4.5 min
INFO:build_features:4550/9975 tickers | 15,478,456 feature rows | 0 skipped | 20.3 tickers/s | ETA 4.5 min
INFO:build_features:4600/9975 tickers | 15,630,002 feature rows | 0 skipped | 20.3 tickers/s | ETA 4.4 min
INFO:build_features:4650/9975 tickers | 15,820,201 feature rows | 0 skipped | 20.3 tickers/s | ETA 4.4 min
INFO:build_features:4700/9975 tickers | 15,960,432 feature rows | 0 skipped | 20.3 tickers/s | ETA 4.3 min
INFO:build_features:4750/9975 tickers | 16,122,132 feature rows | 0 skipped | 20.3 tickers/s | ETA 4.3 min
INFO:build_features:4800/9975 tickers | 16,361,172 feature rows | 0 skipped | 20.2 tickers/s | ETA 4.3 min
INFO:build_features:4850/9975 tickers | 16,515,501 feature rows | 0 skipped | 20.2 tickers/s | ETA 4.2 min
INFO:build_features:4900/9975 tickers | 16,619,997 feature rows | 0 skipped | 20.3 tickers/s | ETA 4.2 min
INFO:build_features:4950/9975 tickers | 16,795,224 feature rows | 0 skipped | 20.3 tickers/s | ETA 4.1 min
INFO:build_features:5000/9975 tickers | 16,889,181 feature rows | 0 skipped | 20.4 tickers/s | ETA 4.1 min
INFO:build_features:5050/9975 tickers | 17,058,831 feature rows | 0 skipped | 20.4 tickers/s | ETA 4.0 min
INFO:build_features:5100/9975 tickers | 17,240,721 feature rows | 0 skipped | 20.3 tickers/s | ETA 4.0 min
INFO:build_features:5150/9975 tickers | 17,418,399 feature rows | 0 skipped | 20.3 tickers/s | ETA 4.0 min
INFO:build_features:5200/9975 tickers | 17,580,651 feature rows | 0 skipped | 20.3 tickers/s | ETA 3.9 min
INFO:build_features:5250/9975 tickers | 17,721,716 feature rows | 0 skipped | 20.4 tickers/s | ETA 3.9 min
INFO:build_features:5300/9975 tickers | 17,869,188 feature rows | 0 skipped | 20.4 tickers/s | ETA 3.8 min
INFO:build_features:5350/9975 tickers | 18,019,312 feature rows | 0 skipped | 20.4 tickers/s | ETA 3.8 min
INFO:build_features:5400/9975 tickers | 18,186,785 feature rows | 0 skipped | 20.4 tickers/s | ETA 3.7 min
INFO:build_features:5450/9975 tickers | 18,351,262 feature rows | 0 skipped | 20.4 tickers/s | ETA 3.7 min
INFO:build_features:5500/9975 tickers | 18,544,208 feature rows | 0 skipped | 20.4 tickers/s | ETA 3.7 min
INFO:build_features:5550/9975 tickers | 18,689,772 feature rows | 0 skipped | 20.4 tickers/s | ETA 3.6 min
INFO:build_features:5600/9975 tickers | 18,872,538 feature rows | 0 skipped | 20.4 tickers/s | ETA 3.6 min
INFO:build_features:5650/9975 tickers | 19,034,475 feature rows | 0 skipped | 20.4 tickers/s | ETA 3.5 min
INFO:build_features:5700/9975 tickers | 19,235,354 feature rows | 0 skipped | 20.3 tickers/s | ETA 3.5 min
INFO:build_features:5750/9975 tickers | 19,429,509 feature rows | 0 skipped | 20.3 tickers/s | ETA 3.5 min
INFO:build_features:5800/9975 tickers | 19,631,168 feature rows | 0 skipped | 20.3 tickers/s | ETA 3.4 min
INFO:build_features:5850/9975 tickers | 19,829,877 feature rows | 0 skipped | 20.3 tickers/s | ETA 3.4 min
INFO:build_features:5900/9975 tickers | 20,011,149 feature rows | 0 skipped | 20.3 tickers/s | ETA 3.4 min
INFO:build_features:5950/9975 tickers | 20,244,041 feature rows | 0 skipped | 20.2 tickers/s | ETA 3.3 min
INFO:build_features:6000/9975 tickers | 20,382,498 feature rows | 0 skipped | 20.2 tickers/s | ETA 3.3 min
INFO:build_features:6050/9975 tickers | 20,529,912 feature rows | 0 skipped | 20.2 tickers/s | ETA 3.2 min
INFO:build_features:6100/9975 tickers | 20,702,229 feature rows | 0 skipped | 20.2 tickers/s | ETA 3.2 min
INFO:build_features:6150/9975 tickers | 20,894,105 feature rows | 0 skipped | 20.2 tickers/s | ETA 3.2 min
INFO:build_features:6200/9975 tickers | 21,063,610 feature rows | 0 skipped | 20.2 tickers/s | ETA 3.1 min
INFO:build_features:6250/9975 tickers | 21,245,987 feature rows | 0 skipped | 20.2 tickers/s | ETA 3.1 min
INFO:build_features:6300/9975 tickers | 21,437,757 feature rows | 0 skipped | 20.2 tickers/s | ETA 3.0 min
INFO:build_features:6350/9975 tickers | 21,562,598 feature rows | 0 skipped | 20.2 tickers/s | ETA 3.0 min
INFO:build_features:6400/9975 tickers | 21,773,013 feature rows | 0 skipped | 20.2 tickers/s | ETA 2.9 min
INFO:build_features:6450/9975 tickers | 21,891,299 feature rows | 0 skipped | 20.2 tickers/s | ETA 2.9 min
INFO:build_features:6500/9975 tickers | 22,118,861 feature rows | 0 skipped | 20.2 tickers/s | ETA 2.9 min
INFO:build_features:6550/9975 tickers | 22,272,802 feature rows | 0 skipped | 20.2 tickers/s | ETA 2.8 min
INFO:build_features:6600/9975 tickers | 22,454,062 feature rows | 0 skipped | 20.2 tickers/s | ETA 2.8 min
INFO:build_features:6650/9975 tickers | 22,626,490 feature rows | 0 skipped | 20.2 tickers/s | ETA 2.7 min
INFO:build_features:6700/9975 tickers | 22,770,537 feature rows | 0 skipped | 20.2 tickers/s | ETA 2.7 min
INFO:build_features:6750/9975 tickers | 22,922,994 feature rows | 0 skipped | 20.3 tickers/s | ETA 2.7 min
INFO:build_features:6800/9975 tickers | 23,143,891 feature rows | 0 skipped | 20.2 tickers/s | ETA 2.6 min
INFO:build_features:6850/9975 tickers | 23,359,234 feature rows | 0 skipped | 20.2 tickers/s | ETA 2.6 min
INFO:build_features:6900/9975 tickers | 23,561,076 feature rows | 0 skipped | 20.2 tickers/s | ETA 2.5 min
INFO:build_features:6950/9975 tickers | 23,682,086 feature rows | 0 skipped | 20.2 tickers/s | ETA 2.5 min
INFO:build_features:7000/9975 tickers | 23,903,967 feature rows | 0 skipped | 20.2 tickers/s | ETA 2.5 min
INFO:build_features:7050/9975 tickers | 24,089,650 feature rows | 0 skipped | 20.2 tickers/s | ETA 2.4 min
INFO:build_features:7100/9975 tickers | 24,237,657 feature rows | 0 skipped | 20.2 tickers/s | ETA 2.4 min
INFO:build_features:7150/9975 tickers | 24,381,493 feature rows | 0 skipped | 20.2 tickers/s | ETA 2.3 min
INFO:build_features:7200/9975 tickers | 24,541,510 feature rows | 0 skipped | 20.2 tickers/s | ETA 2.3 min
INFO:build_features:7250/9975 tickers | 24,646,388 feature rows | 0 skipped | 20.3 tickers/s | ETA 2.2 min
INFO:build_features:7300/9975 tickers | 24,736,387 feature rows | 0 skipped | 20.3 tickers/s | ETA 2.2 min
INFO:build_features:7350/9975 tickers | 24,843,398 feature rows | 0 skipped | 20.3 tickers/s | ETA 2.2 min
INFO:build_features:7400/9975 tickers | 25,015,123 feature rows | 0 skipped | 20.3 tickers/s | ETA 2.1 min
INFO:build_features:7450/9975 tickers | 25,188,335 feature rows | 0 skipped | 20.3 tickers/s | ETA 2.1 min
INFO:build_features:7500/9975 tickers | 25,386,938 feature rows | 0 skipped | 20.3 tickers/s | ETA 2.0 min
INFO:build_features:7550/9975 tickers | 25,556,112 feature rows | 0 skipped | 20.3 tickers/s | ETA 2.0 min
INFO:build_features:7600/9975 tickers | 25,724,084 feature rows | 0 skipped | 20.3 tickers/s | ETA 1.9 min
INFO:build_features:7650/9975 tickers | 25,899,946 feature rows | 0 skipped | 20.3 tickers/s | ETA 1.9 min
INFO:build_features:7700/9975 tickers | 26,075,988 feature rows | 0 skipped | 20.3 tickers/s | ETA 1.9 min
INFO:build_features:7750/9975 tickers | 26,248,133 feature rows | 0 skipped | 20.3 tickers/s | ETA 1.8 min
INFO:build_features:7800/9975 tickers | 26,438,047 feature rows | 0 skipped | 20.3 tickers/s | ETA 1.8 min
INFO:build_features:7850/9975 tickers | 26,612,545 feature rows | 0 skipped | 20.3 tickers/s | ETA 1.7 min
INFO:build_features:7900/9975 tickers | 26,730,652 feature rows | 0 skipped | 20.3 tickers/s | ETA 1.7 min
INFO:build_features:7950/9975 tickers | 26,896,932 feature rows | 0 skipped | 20.3 tickers/s | ETA 1.7 min
INFO:build_features:8000/9975 tickers | 27,103,134 feature rows | 0 skipped | 20.3 tickers/s | ETA 1.6 min
INFO:build_features:8050/9975 tickers | 27,267,616 feature rows | 0 skipped | 20.3 tickers/s | ETA 1.6 min
INFO:build_features:8100/9975 tickers | 27,427,057 feature rows | 0 skipped | 20.3 tickers/s | ETA 1.5 min
INFO:build_features:8150/9975 tickers | 27,582,476 feature rows | 0 skipped | 20.3 tickers/s | ETA 1.5 min
INFO:build_features:8200/9975 tickers | 27,749,911 feature rows | 0 skipped | 20.3 tickers/s | ETA 1.5 min
INFO:build_features:8250/9975 tickers | 27,915,217 feature rows | 0 skipped | 20.3 tickers/s | ETA 1.4 min
INFO:build_features:8300/9975 tickers | 28,053,059 feature rows | 0 skipped | 20.4 tickers/s | ETA 1.4 min
INFO:build_features:8350/9975 tickers | 28,236,996 feature rows | 0 skipped | 20.3 tickers/s | ETA 1.3 min
INFO:build_features:8400/9975 tickers | 28,429,578 feature rows | 0 skipped | 20.3 tickers/s | ETA 1.3 min
INFO:build_features:8450/9975 tickers | 28,604,715 feature rows | 0 skipped | 20.3 tickers/s | ETA 1.3 min
INFO:build_features:8500/9975 tickers | 28,813,464 feature rows | 0 skipped | 20.3 tickers/s | ETA 1.2 min
INFO:build_features:8550/9975 tickers | 28,946,683 feature rows | 0 skipped | 20.3 tickers/s | ETA 1.2 min
INFO:build_features:8600/9975 tickers | 29,113,307 feature rows | 0 skipped | 20.3 tickers/s | ETA 1.1 min
INFO:build_features:8650/9975 tickers | 29,285,258 feature rows | 0 skipped | 20.3 tickers/s | ETA 1.1 min
INFO:build_features:8700/9975 tickers | 29,438,412 feature rows | 0 skipped | 20.3 tickers/s | ETA 1.0 min
INFO:build_features:8750/9975 tickers | 29,592,447 feature rows | 0 skipped | 20.4 tickers/s | ETA 1.0 min
INFO:build_features:8800/9975 tickers | 29,738,161 feature rows | 0 skipped | 20.4 tickers/s | ETA 1.0 min
INFO:build_features:8850/9975 tickers | 29,969,322 feature rows | 0 skipped | 20.3 tickers/s | ETA 0.9 min
INFO:build_features:8900/9975 tickers | 30,112,605 feature rows | 0 skipped | 20.3 tickers/s | ETA 0.9 min
INFO:build_features:8950/9975 tickers | 30,277,120 feature rows | 0 skipped | 20.4 tickers/s | ETA 0.8 min
INFO:build_features:9000/9975 tickers | 30,494,222 feature rows | 0 skipped | 20.3 tickers/s | ETA 0.8 min
INFO:build_features:9050/9975 tickers | 30,742,216 feature rows | 0 skipped | 20.3 tickers/s | ETA 0.8 min
INFO:build_features:9100/9975 tickers | 30,953,106 feature rows | 0 skipped | 20.3 tickers/s | ETA 0.7 min
INFO:build_features:9150/9975 tickers | 31,115,529 feature rows | 0 skipped | 20.3 tickers/s | ETA 0.7 min
INFO:build_features:9200/9975 tickers | 31,312,717 feature rows | 0 skipped | 20.3 tickers/s | ETA 0.6 min
INFO:build_features:9250/9975 tickers | 31,488,204 feature rows | 0 skipped | 20.3 tickers/s | ETA 0.6 min
INFO:build_features:9300/9975 tickers | 31,647,934 feature rows | 0 skipped | 20.3 tickers/s | ETA 0.6 min
INFO:build_features:9350/9975 tickers | 31,888,219 feature rows | 0 skipped | 20.2 tickers/s | ETA 0.5 min
INFO:build_features:9400/9975 tickers | 32,057,959 feature rows | 0 skipped | 20.2 tickers/s | ETA 0.5 min
INFO:build_features:9450/9975 tickers | 32,225,788 feature rows | 0 skipped | 20.2 tickers/s | ETA 0.4 min
INFO:build_features:9500/9975 tickers | 32,408,634 feature rows | 0 skipped | 20.2 tickers/s | ETA 0.4 min
INFO:build_features:9550/9975 tickers | 32,606,236 feature rows | 0 skipped | 20.2 tickers/s | ETA 0.4 min
INFO:build_features:9600/9975 tickers | 32,853,276 feature rows | 0 skipped | 20.2 tickers/s | ETA 0.3 min
INFO:build_features:9650/9975 tickers | 33,090,750 feature rows | 0 skipped | 20.2 tickers/s | ETA 0.3 min
INFO:build_features:9700/9975 tickers | 33,221,140 feature rows | 0 skipped | 20.2 tickers/s | ETA 0.2 min
INFO:build_features:9750/9975 tickers | 33,339,481 feature rows | 0 skipped | 20.2 tickers/s | ETA 0.2 min
INFO:build_features:9800/9975 tickers | 33,490,170 feature rows | 0 skipped | 20.2 tickers/s | ETA 0.1 min
INFO:build_features:9850/9975 tickers | 33,596,921 feature rows | 0 skipped | 20.3 tickers/s | ETA 0.1 min
INFO:build_features:9900/9975 tickers | 33,694,801 feature rows | 0 skipped | 20.3 tickers/s | ETA 0.1 min
INFO:build_features:9950/9975 tickers | 33,784,708 feature rows | 0 skipped | 20.3 tickers/s | ETA 0.0 min
INFO:build_features:------------------------------------------------------------
INFO:build_features:Computed 9975 tickers, skipped 0 (under 210 bars), 33,837,110 rows in 8.2 min
INFO:build_features:features table: {'rows': 33837110, 'tickers': 9975, 'first_date': '1962-01-02', 'last_date': '2026-09-11'}
