INFO:benchmark:Computing 120 null cells for 2006-01-01 -> 2019-12-31
INFO:benchmark:Computing 120 null cells for 2020-01-01 -> 2022-12-31
INFO:benchmark:Computing 120 null cells for 2023-01-01 -> 2099-12-31

  search  2006-01-01 -> 2019-12-31   net null %, by entry price and holding period
  price band                2d        5d       13d       21d       45d
  --------------------------------------------------------------------
  $5-$6                -0.063    +0.295    +1.090    +1.855    +3.848 
  $6-$7                -0.132    +0.119    +0.814    +1.463    +3.381 
  $7-$8                -0.144    +0.079    +0.656    +1.211    +2.912 
  $8-$10               -0.167    +0.029    +0.530    +0.994    +2.494 
  $10-$12              -0.177    -0.012    +0.416    +0.863    +2.156 
  $12-$15              -0.187    -0.017    +0.414    +0.799    +1.972 
  $15-$20              -0.211    -0.081    +0.264    +0.590    +1.663 
  $20-$30              -0.223    -0.099    +0.211    +0.496    +1.312 
  $30-$50              -0.144    -0.055    +0.190    +0.436    +1.142 
  $50-$100             -0.144    -0.054    +0.187    +0.416    +1.111 
  $100+                -0.216    -0.231    -0.280    -0.318    -0.446 
  whole market         -0.218    -0.094    +0.228    +0.534    +1.453 

  validation  2020-01-01 -> 2022-12-31   net null %, by entry price and holding period
  price band                2d        5d       13d       21d       45d
  --------------------------------------------------------------------
  $5-$6                -0.194    +0.240    +1.436    +2.615    +5.550 
  $6-$7                -0.257    +0.053    +0.860    +2.050    +4.718 
  $7-$8                -0.095    +0.240    +0.999    +2.060    +4.742 
  $8-$10               -0.152    +0.020    +0.419    +1.121    +3.296 
  $10-$12              -0.185    -0.020    +0.483    +0.979    +2.876 
  $12-$15              -0.212    -0.076    +0.276    +0.672    +1.945 
  $15-$20              -0.204    -0.029    +0.449    +0.880    +2.420 
  $20-$30              -0.225    -0.104    +0.263    +0.729    +2.016 
  $30-$50              -0.149    -0.079    +0.112    +0.318    +1.060 
  $50-$100             -0.181    -0.142    -0.051    +0.100    +0.497 
  $100+                -0.266    -0.346    -0.516    -0.636    -1.196 
  whole market         -0.150    -0.070    +0.151    +0.437    +1.253 

  sealed  2023-01-01 -> 2099-12-31   net null %, by entry price and holding period
  price band                2d        5d       13d       21d       45d
  --------------------------------------------------------------------
  $5-$6                -0.148    +0.071    +0.558    +0.999    +2.214 
  $6-$7                -0.174    +0.016    +0.535    +1.040    +2.981 
  $7-$8                -0.193    -0.035    +0.428    +0.841    +2.503 
  $8-$10               -0.160    +0.094    +0.657    +1.101    +2.413 
  $10-$12              -0.226    -0.065    +0.362    +0.835    +2.092 
  $12-$15              -0.176    +0.016    +0.403    +0.679    +1.634 
  $15-$20              -0.218    -0.070    +0.278    +0.614    +1.599 
  $20-$30              -0.210    -0.093    +0.247    +0.594    +1.690 
  $30-$50              -0.112    +0.024    +0.347    +0.641    +1.629 
  $50-$100             -0.113    +0.021    +0.365    +0.733    +1.971 
  $100+                -0.124    -0.058    +0.135    +0.353    +1.042 
  whole market         -0.118    +0.016    +0.353    +0.683    +1.743 

  A strategy is charged the null of the stocks it actually bought.
  Beating zero only demonstrates it was long in a rising market;
  beating the market-wide null can still just mean it bought cheap stocks.
