INFO:benchmark:Computing 120 null cells for 2006-01-01 -> 2019-12-31
INFO:benchmark:Computing 120 null cells for 2020-01-01 -> 2022-12-31
INFO:benchmark:Computing 120 null cells for 2023-01-01 -> 2099-12-31

  search  2006-01-01 -> 2019-12-31   net null %, by entry price and holding period
  price band                2d        5d       13d       21d       45d
  --------------------------------------------------------------------
  $5-$6                -0.063    +0.289    +1.078    +1.837    +3.828 
  $6-$7                -0.136    +0.113    +0.811    +1.454    +3.380 
  $7-$8                -0.138    +0.084    +0.661    +1.215    +2.913 
  $8-$10               -0.168    +0.025    +0.524    +0.987    +2.489 
  $10-$12              -0.179    -0.015    +0.414    +0.862    +2.156 
  $12-$15              -0.186    -0.015    +0.415    +0.801    +1.977 
  $15-$20              -0.210    -0.081    +0.263    +0.588    +1.663 
  $20-$30              -0.222    -0.098    +0.211    +0.495    +1.312 
  $30-$50              -0.144    -0.053    +0.192    +0.437    +1.143 
  $50-$100             -0.144    -0.053    +0.188    +0.418    +1.112 
  $100+                -0.213    -0.229    -0.278    -0.318    -0.450 
  whole market         -0.218    -0.093    +0.228    +0.533    +1.452 

  validation  2020-01-01 -> 2022-12-31   net null %, by entry price and holding period
  price band                2d        5d       13d       21d       45d
  --------------------------------------------------------------------
  $5-$6                -0.181    +0.245    +1.469    +2.679    +5.567 
  $6-$7                -0.284    +0.046    +0.872    +2.076    +4.751 
  $7-$8                -0.089    +0.256    +1.017    +2.094    +4.806 
  $8-$10               -0.152    +0.020    +0.448    +1.145    +3.330 
  $10-$12              -0.176    -0.011    +0.484    +1.001    +2.902 
  $12-$15              -0.212    -0.073    +0.281    +0.678    +1.984 
  $15-$20              -0.199    -0.018    +0.461    +0.905    +2.452 
  $20-$30              -0.224    -0.107    +0.273    +0.747    +2.057 
  $30-$50              -0.148    -0.076    +0.114    +0.338    +1.092 
  $50-$100             -0.179    -0.140    -0.049    +0.103    +0.524 
  $100+                -0.254    -0.337    -0.505    -0.622    -1.176 
  whole market         -0.146    -0.066    +0.160    +0.454    +1.283 

  sealed  2023-01-01 -> 2099-12-31   net null %, by entry price and holding period
  price band                2d        5d       13d       21d       45d
  --------------------------------------------------------------------
  $5-$6                -0.149    +0.075    +0.567    +1.012    +2.258 
  $6-$7                -0.174    +0.008    +0.567    +1.074    +3.027 
  $7-$8                -0.176    -0.012    +0.437    +0.860    +2.549 
  $8-$10               -0.149    +0.114    +0.667    +1.106    +2.425 
  $10-$12              -0.220    -0.050    +0.395    +0.860    +2.153 
  $12-$15              -0.156    +0.037    +0.408    +0.689    +1.662 
  $15-$20              -0.209    -0.062    +0.294    +0.620    +1.621 
  $20-$30              -0.208    -0.088    +0.255    +0.601    +1.707 
  $30-$50              -0.106    +0.030    +0.350    +0.650    +1.648 
  $50-$100             -0.108    +0.028    +0.373    +0.749    +1.992 
  $100+                -0.120    -0.051    +0.149    +0.372    +1.073 
  whole market         -0.112    +0.024    +0.364    +0.696    +1.769 

  A strategy is charged the null of the stocks it actually bought.
  Beating zero only demonstrates it was long in a rising market;
  beating the market-wide null can still just mean it bought cheap stocks.
