  prices                   35,479,800  (70s)
  symbols                      13,193  (70s)
  ingest_state                 13,193  (70s)
  features                 33,837,110  (328s)
  historical_listings         513,334  (329s)
  archive_snapshots               119  (329s)
  oos_predictions           7,597,510  (340s)
  oos_folds                        31  (340s)
  experiments                       1  (340s)
  experiment_trades             2,109  (340s)
  strategies                   50,000  PARTIAL — database disk image is malformed
  promotions                      671  (340s)
  lab_runs                         13  (340s)
  paper_runs                       13  (340s)
  paper_positions                 107  (340s)
  paper_trades                     98  (340s)
  paper_equity                     26  (340s)
  benchmarks                      450  (340s)
  evaluations                  73,405  (340s)
  indexes rebuilt (343s)
  [('ok',)]
